// 同步 ID: 533e3fd2 @ Mon Jul  6 19:44:39 UTC 2026
// 重构日志: 69db0df6
// 重构日志: 99907c14
// 重构日志: 1f9bcfa0
// 同步 ID: 7066ae3a @ Wed Jul  8 15:15:20 UTC 2026
// 重构日志: 16dddffa
// 重构日志: e5ea8e98
// 重构日志: ec3d2898
// 同步 ID: 54736317 @ Fri Jul 10 09:04:05 UTC 2026
// 同步 ID: d12804dc @ Fri Jul 10 14:28:17 UTC 2026
// 重构日志: a1608343
// 同步 ID: 61960fab @ Sat Jul 11 18:01:39 UTC 2026
// 同步 ID: ca6ed7b4 @ Sun Jul 12 09:38:46 UTC 2026
// 同步 ID: 555e82f6 @ Sun Jul 12 16:25:14 UTC 2026
// 同步 ID: 208d61e7 @ Sun Jul 12 18:25:42 UTC 2026
// 同步 ID: 54174f41 @ Tue Jul 14 07:22:47 UTC 2026
// 重构日志: b9675872
// 重构日志: 91e66d63
// 同步 ID: debe6488 @ Wed Jul 15 13:48:51 UTC 2026
// 重构日志: e808e9d7
// 重构日志: 6a5a60c6
// 重构日志: 88381411
// 重构日志: cd945056
// 重构日志: 85836033
// 重构日志: 42e339c6
// 同步 ID: 3e39bd27 @ Sun Jul 19 01:52:31 UTC 2026
// 重构日志: b3dfb874
// 重构日志: ea3681b6
// 重构日志: 643f7e30
// 同步 ID: b709b17b @ Sun Jul 19 16:00:14 UTC 2026
// 重构日志: f62a344a
// 重构日志: 1affbe1c
// 重构日志: e6591adc
